   ▲ Next.js 15.5.23
   - Local:        http://localhost:3000
   - Network:      http://192.168.56.1:3000

 ✓ Starting...
 ✓ Ready in 1569ms
{"level":"info","msg":"request","requestId":"08ba8f11-1d26-4523-a54a-ce396af28d20","method":"POST","path":"/api/v1/auth/register","status":201,"durationMs":2541}
{"level":"info","msg":"request","requestId":"52a4692a-aec8-4ad7-b8c1-030813ead01c","method":"GET","path":"/api/v1/me","status":200,"durationMs":692,"orgId":"e9968243-4385-4b0d-9fbd-f4d100f50dec","userId":"89569a6c-609f-43e3-9bc1-6061b4f40360"}
{"level":"info","msg":"request","requestId":"b8864e07-7193-41a8-a2e2-f1916d10ee48","method":"POST","path":"/api/v1/departments","status":201,"durationMs":363,"orgId":"e9968243-4385-4b0d-9fbd-f4d100f50dec","userId":"89569a6c-609f-43e3-9bc1-6061b4f40360"}
{"level":"info","msg":"request","requestId":"08bb9655-6a3e-4e8d-8768-f053cae45de3","method":"POST","path":"/api/v1/teams","status":201,"durationMs":347,"orgId":"e9968243-4385-4b0d-9fbd-f4d100f50dec","userId":"89569a6c-609f-43e3-9bc1-6061b4f40360"}
{"level":"info","msg":"request","requestId":"23d453be-13a9-4e70-8f13-9788eab4a84a","method":"POST","path":"/api/v1/admin/users","status":201,"durationMs":833,"orgId":"e9968243-4385-4b0d-9fbd-f4d100f50dec","userId":"89569a6c-609f-43e3-9bc1-6061b4f40360"}
{"level":"info","msg":"request","requestId":"8f450166-56fc-438e-a191-7b96355d3350","method":"POST","path":"/api/v1/auth/login","status":200,"durationMs":371}
{"level":"info","msg":"request","requestId":"81084871-7535-4a7a-94b7-27098dca55b5","method":"POST","path":"/api/v1/attendance/clock","status":200,"durationMs":411,"orgId":"e9968243-4385-4b0d-9fbd-f4d100f50dec","userId":"89569a6c-609f-43e3-9bc1-6061b4f40360"}
{"level":"info","msg":"request","requestId":"b932758f-5ca9-42b3-b282-833301a58d8a","method":"POST","path":"/api/v1/attendance/clock","status":200,"durationMs":399,"orgId":"e9968243-4385-4b0d-9fbd-f4d100f50dec","userId":"89569a6c-609f-43e3-9bc1-6061b4f40360"}
{"level":"info","msg":"request","requestId":"ecfb3100-bdec-4522-bf74-a517a0bfb42b","method":"GET","path":"/api/v1/leave/balances","status":200,"durationMs":235,"orgId":"e9968243-4385-4b0d-9fbd-f4d100f50dec","userId":"89569a6c-609f-43e3-9bc1-6061b4f40360"}
{"level":"info","msg":"request","requestId":"bb6745d7-26c1-4dbd-897c-a98baba071d4","method":"POST","path":"/api/v1/leave","status":201,"durationMs":810,"orgId":"e9968243-4385-4b0d-9fbd-f4d100f50dec","userId":"89569a6c-609f-43e3-9bc1-6061b4f40360"}
{"level":"info","msg":"request","requestId":"3f34c15b-ab33-4d19-a538-858ee711611d","method":"POST","path":"/api/v1/leave/6aa9a2d3-2d54-40ab-821b-0ae7219beb9e/review","status":200,"durationMs":799,"orgId":"e9968243-4385-4b0d-9fbd-f4d100f50dec","userId":"89569a6c-609f-43e3-9bc1-6061b4f40360"}
{"level":"info","msg":"request","requestId":"1a79039e-a9ba-48dc-80ce-ba6cf762cf3f","method":"GET","path":"/api/v1/leave/balances","status":200,"durationMs":259,"orgId":"e9968243-4385-4b0d-9fbd-f4d100f50dec","userId":"89569a6c-609f-43e3-9bc1-6061b4f40360"}
{"level":"info","msg":"request","requestId":"c01b5799-52d2-48ba-8865-a1df69013699","method":"POST","path":"/api/v1/request-types","status":201,"durationMs":405,"orgId":"e9968243-4385-4b0d-9fbd-f4d100f50dec","userId":"89569a6c-609f-43e3-9bc1-6061b4f40360"}
{"level":"info","msg":"request","requestId":"f4765f35-d5bc-49dd-8c89-6c584e9791e9","method":"POST","path":"/api/v1/requests","status":201,"durationMs":751,"orgId":"e9968243-4385-4b0d-9fbd-f4d100f50dec","userId":"c30cf314-8295-44dd-8b6e-2aaaf7f9b9ee"}
{"level":"info","msg":"request","requestId":"d1fc4216-ee99-403f-b34b-bb45976bfffb","method":"POST","path":"/api/v1/requests/0a8cbf6d-fa83-4003-9ccc-b3881129f39f/review","status":200,"durationMs":647,"orgId":"e9968243-4385-4b0d-9fbd-f4d100f50dec","userId":"89569a6c-609f-43e3-9bc1-6061b4f40360"}
{"level":"info","msg":"request","requestId":"94f2b053-e735-4b03-9fd6-f0e86506be49","method":"POST","path":"/api/v1/projects","status":201,"durationMs":454,"orgId":"e9968243-4385-4b0d-9fbd-f4d100f50dec","userId":"89569a6c-609f-43e3-9bc1-6061b4f40360"}
{"level":"info","msg":"request","requestId":"bfb061a5-913a-439f-839d-0d7ffbd54402","method":"POST","path":"/api/v1/tasks","status":201,"durationMs":418,"orgId":"e9968243-4385-4b0d-9fbd-f4d100f50dec","userId":"89569a6c-609f-43e3-9bc1-6061b4f40360"}
{"level":"info","msg":"request","requestId":"a2257272-035a-47c0-9c87-25e1ad02f0bc","method":"PATCH","path":"/api/v1/tasks/699c0c15-762b-42d9-b634-6828a89ce1ec","status":200,"durationMs":394,"orgId":"e9968243-4385-4b0d-9fbd-f4d100f50dec","userId":"89569a6c-609f-43e3-9bc1-6061b4f40360"}
{"level":"info","msg":"request","requestId":"3deca650-39d5-48f1-8adb-439be6cc4549","method":"POST","path":"/api/v1/goals","status":201,"durationMs":327,"orgId":"e9968243-4385-4b0d-9fbd-f4d100f50dec","userId":"89569a6c-609f-43e3-9bc1-6061b4f40360"}
{"level":"info","msg":"request","requestId":"a46023f5-4a15-4c3f-a2fe-de23102c7a2f","method":"PATCH","path":"/api/v1/goals/601ed537-8fed-4eeb-a872-b6234dafe7ac/progress","status":200,"durationMs":448,"orgId":"e9968243-4385-4b0d-9fbd-f4d100f50dec","userId":"89569a6c-609f-43e3-9bc1-6061b4f40360"}
{"level":"info","msg":"request","requestId":"e1552ea7-774c-4784-ab8c-39d4e0014698","method":"POST","path":"/api/v1/knowledge","status":201,"durationMs":307,"orgId":"e9968243-4385-4b0d-9fbd-f4d100f50dec","userId":"89569a6c-609f-43e3-9bc1-6061b4f40360"}
{"level":"info","msg":"request","requestId":"afae94a0-958a-4d16-bd43-690e8012b136","method":"POST","path":"/api/v1/documents","status":201,"durationMs":388,"orgId":"e9968243-4385-4b0d-9fbd-f4d100f50dec","userId":"89569a6c-609f-43e3-9bc1-6061b4f40360"}
{"level":"info","msg":"request","requestId":"3b108822-c938-48c1-b581-cdc5336a177e","method":"GET","path":"/api/v1/documents/dd8cc9ae-9e50-4c0a-b736-5aacaf25faf1/download","status":200,"durationMs":376,"orgId":"e9968243-4385-4b0d-9fbd-f4d100f50dec","userId":"89569a6c-609f-43e3-9bc1-6061b4f40360"}
{"level":"info","msg":"request","requestId":"1f0777e2-6e5a-4338-8dae-be53601e8eb5","method":"POST","path":"/api/v1/announcements","status":201,"durationMs":287,"orgId":"e9968243-4385-4b0d-9fbd-f4d100f50dec","userId":"89569a6c-609f-43e3-9bc1-6061b4f40360"}
{"level":"info","msg":"request","requestId":"f7a6a9ed-0513-48e5-91f8-2f246427f7dd","method":"POST","path":"/api/v1/discussions","status":201,"durationMs":350,"orgId":"e9968243-4385-4b0d-9fbd-f4d100f50dec","userId":"89569a6c-609f-43e3-9bc1-6061b4f40360"}
{"level":"info","msg":"request","requestId":"5edc17cc-7008-496b-8842-d60908c41058","method":"POST","path":"/api/v1/discussions/8c729d2c-b557-4a86-bd76-3a3f84b0e182/replies","status":201,"durationMs":333,"orgId":"e9968243-4385-4b0d-9fbd-f4d100f50dec","userId":"89569a6c-609f-43e3-9bc1-6061b4f40360"}
{"level":"info","msg":"request","requestId":"0d0ff9b9-3ae2-42b9-8fc1-a74b6b1b90ea","method":"POST","path":"/api/v1/surveys","status":201,"durationMs":369,"orgId":"e9968243-4385-4b0d-9fbd-f4d100f50dec","userId":"89569a6c-609f-43e3-9bc1-6061b4f40360"}
{"level":"info","msg":"request","requestId":"9f6b1472-0b7f-4999-9551-99d39faddfa9","method":"POST","path":"/api/v1/surveys/4eb3fd59-9a30-4ac0-9e5d-3c79ff945e56/vote","status":200,"durationMs":447,"orgId":"e9968243-4385-4b0d-9fbd-f4d100f50dec","userId":"89569a6c-609f-43e3-9bc1-6061b4f40360"}
{"level":"info","msg":"request","requestId":"8459dad5-f884-43ad-a705-8e84b5c27759","method":"POST","path":"/api/v1/admin/acknowledgements","status":201,"durationMs":376,"orgId":"e9968243-4385-4b0d-9fbd-f4d100f50dec","userId":"89569a6c-609f-43e3-9bc1-6061b4f40360"}
{"level":"info","msg":"request","requestId":"ab7af909-7156-401f-98cc-b50cc14c02e4","method":"POST","path":"/api/v1/acknowledgements/cdca84c6-951a-4345-a3eb-18a93b8a5cc6/sign","status":200,"durationMs":498,"orgId":"e9968243-4385-4b0d-9fbd-f4d100f50dec","userId":"89569a6c-609f-43e3-9bc1-6061b4f40360"}
{"level":"info","msg":"request","requestId":"c825a02e-7fa8-4747-8edb-a1df354d61f5","method":"GET","path":"/api/v1/support/tickets","status":400,"durationMs":168,"category":"bad_request","orgId":"e9968243-4385-4b0d-9fbd-f4d100f50dec","userId":"89569a6c-609f-43e3-9bc1-6061b4f40360"}
{"level":"info","msg":"request","requestId":"e65865f6-22a2-4a48-84be-7662e415e655","method":"POST","path":"/api/v1/assets","status":201,"durationMs":324,"orgId":"e9968243-4385-4b0d-9fbd-f4d100f50dec","userId":"89569a6c-609f-43e3-9bc1-6061b4f40360"}
{"level":"info","msg":"request","requestId":"628c211f-a6f8-4ec1-8ce4-b91ffa3b2124","method":"POST","path":"/api/v1/assets/19ecd245-bce3-46c0-bd51-1992e5baad5a/assign","status":200,"durationMs":591,"orgId":"e9968243-4385-4b0d-9fbd-f4d100f50dec","userId":"89569a6c-609f-43e3-9bc1-6061b4f40360"}
{"level":"info","msg":"request","requestId":"e5db2c60-a051-49ca-b9d4-41322a2c751e","method":"POST","path":"/api/v1/finance/budgets","status":201,"durationMs":350,"orgId":"e9968243-4385-4b0d-9fbd-f4d100f50dec","userId":"89569a6c-609f-43e3-9bc1-6061b4f40360"}
{"level":"info","msg":"request","requestId":"c229372d-b66f-4d0e-b3f1-9672c1dc197e","method":"POST","path":"/api/v1/finance/vendors","status":201,"durationMs":394,"orgId":"e9968243-4385-4b0d-9fbd-f4d100f50dec","userId":"89569a6c-609f-43e3-9bc1-6061b4f40360"}
{"level":"info","msg":"request","requestId":"5effc590-7893-4a77-a851-fbfe4fa9c44a","method":"POST","path":"/api/v1/finance/expenses","status":201,"durationMs":353,"orgId":"e9968243-4385-4b0d-9fbd-f4d100f50dec","userId":"89569a6c-609f-43e3-9bc1-6061b4f40360"}
{"level":"info","msg":"request","requestId":"1fafe353-b03a-4076-a93f-5bbdc0ea55c5","method":"PATCH","path":"/api/v1/finance/expenses/5cf03602-6e8a-488d-80cc-947d26990a9e","status":400,"durationMs":292,"category":"bad_request","orgId":"e9968243-4385-4b0d-9fbd-f4d100f50dec","userId":"89569a6c-609f-43e3-9bc1-6061b4f40360"}
{"level":"info","msg":"request","requestId":"31b85337-8cdf-4f2d-9d63-69e353fd5ed8","method":"PATCH","path":"/api/v1/finance/expenses/5cf03602-6e8a-488d-80cc-947d26990a9e","status":400,"durationMs":249,"category":"bad_request","orgId":"e9968243-4385-4b0d-9fbd-f4d100f50dec","userId":"89569a6c-609f-43e3-9bc1-6061b4f40360"}
{"level":"info","msg":"request","requestId":"0fc6de46-c37d-42d0-b4b4-d6e64a4a9b91","method":"POST","path":"/api/v1/finance/purchases","status":201,"durationMs":328,"orgId":"e9968243-4385-4b0d-9fbd-f4d100f50dec","userId":"89569a6c-609f-43e3-9bc1-6061b4f40360"}
{"level":"info","msg":"request","requestId":"c0841bcf-46c8-434e-9bf1-07a1909b181a","method":"PATCH","path":"/api/v1/finance/purchases/21caa6d0-3f23-4110-be98-1782cedd8614","status":200,"durationMs":441,"orgId":"e9968243-4385-4b0d-9fbd-f4d100f50dec","userId":"89569a6c-609f-43e3-9bc1-6061b4f40360"}
{"level":"info","msg":"request","requestId":"32362548-ff65-4401-9df4-186a7466a4e5","method":"PATCH","path":"/api/v1/finance/purchases/21caa6d0-3f23-4110-be98-1782cedd8614","status":200,"durationMs":408,"orgId":"e9968243-4385-4b0d-9fbd-f4d100f50dec","userId":"89569a6c-609f-43e3-9bc1-6061b4f40360"}
{"level":"info","msg":"request","requestId":"fad81fc8-a3d5-4ab9-b362-d7959769fd03","method":"PATCH","path":"/api/v1/finance/purchases/21caa6d0-3f23-4110-be98-1782cedd8614","status":200,"durationMs":443,"orgId":"e9968243-4385-4b0d-9fbd-f4d100f50dec","userId":"89569a6c-609f-43e3-9bc1-6061b4f40360"}
{"level":"info","msg":"request","requestId":"5f1542eb-c3de-4066-9972-9cfa64129d69","method":"POST","path":"/api/v1/finance/travel","status":201,"durationMs":338,"orgId":"e9968243-4385-4b0d-9fbd-f4d100f50dec","userId":"89569a6c-609f-43e3-9bc1-6061b4f40360"}
{"level":"info","msg":"request","requestId":"d3c5eacf-d80b-479b-abc6-65e66bb5f185","method":"PATCH","path":"/api/v1/finance/travel/a2bbb2d0-cbf2-43f4-a310-71f957c6385d","status":200,"durationMs":444,"orgId":"e9968243-4385-4b0d-9fbd-f4d100f50dec","userId":"89569a6c-609f-43e3-9bc1-6061b4f40360"}
{"level":"info","msg":"request","requestId":"71f81631-00df-46c0-9194-e6a571a12199","method":"POST","path":"/api/v1/people-ops/jobs","status":201,"durationMs":252,"orgId":"e9968243-4385-4b0d-9fbd-f4d100f50dec","userId":"89569a6c-609f-43e3-9bc1-6061b4f40360"}
{"level":"info","msg":"request","requestId":"6b44c7ce-9b0c-4524-90cb-d50bfb941a90","method":"POST","path":"/api/v1/people-ops/candidates","status":201,"durationMs":316,"orgId":"e9968243-4385-4b0d-9fbd-f4d100f50dec","userId":"89569a6c-609f-43e3-9bc1-6061b4f40360"}
{"level":"info","msg":"request","requestId":"40eae27f-1e24-4fe2-931a-b82839e876c8","method":"PATCH","path":"/api/v1/people-ops/candidates","status":200,"durationMs":447,"orgId":"e9968243-4385-4b0d-9fbd-f4d100f50dec","userId":"89569a6c-609f-43e3-9bc1-6061b4f40360"}
{"level":"info","msg":"request","requestId":"798e475d-5f51-4fe0-b339-69f594336114","method":"POST","path":"/api/v1/people-ops/candidates/2b6bacc3-5f1b-487e-a73d-e80bb47ad329","status":201,"durationMs":353,"orgId":"e9968243-4385-4b0d-9fbd-f4d100f50dec","userId":"89569a6c-609f-43e3-9bc1-6061b4f40360"}
{"level":"info","msg":"request","requestId":"581e2582-2d77-416a-bc86-2d604c59d7c2","method":"GET","path":"/api/v1/me","status":200,"durationMs":159,"orgId":"e9968243-4385-4b0d-9fbd-f4d100f50dec","userId":"89569a6c-609f-43e3-9bc1-6061b4f40360"}
{"level":"info","msg":"request","requestId":"0a2340b0-4c15-4fb4-8354-ac498d003dda","method":"POST","path":"/api/v1/people-ops/journeys","status":201,"durationMs":538,"orgId":"e9968243-4385-4b0d-9fbd-f4d100f50dec","userId":"89569a6c-609f-43e3-9bc1-6061b4f40360"}
{"level":"info","msg":"request","requestId":"461096d8-893f-4887-8df5-6bdd74222ed1","method":"GET","path":"/api/v1/people-ops/journeys/6b4f3b58-8d5c-4de8-b75b-40af0af45c4e","status":200,"durationMs":359,"orgId":"e9968243-4385-4b0d-9fbd-f4d100f50dec","userId":"89569a6c-609f-43e3-9bc1-6061b4f40360"}
{"level":"info","msg":"request","requestId":"e985e038-1661-413a-ad0b-1e817845465c","method":"PATCH","path":"/api/v1/people-ops/journeys/6b4f3b58-8d5c-4de8-b75b-40af0af45c4e","status":200,"durationMs":431,"orgId":"e9968243-4385-4b0d-9fbd-f4d100f50dec","userId":"89569a6c-609f-43e3-9bc1-6061b4f40360"}
{"level":"info","msg":"request","requestId":"621988fd-af41-4d6d-a725-83348c597c4f","method":"POST","path":"/api/v1/people-ops/reviews","status":201,"durationMs":399,"orgId":"e9968243-4385-4b0d-9fbd-f4d100f50dec","userId":"89569a6c-609f-43e3-9bc1-6061b4f40360"}
{"level":"info","msg":"request","requestId":"0c1b203f-2301-42dc-b3ee-f5f25aeb82d3","method":"GET","path":"/api/v1/people-ops/reviews","status":200,"durationMs":342,"orgId":"e9968243-4385-4b0d-9fbd-f4d100f50dec","userId":"89569a6c-609f-43e3-9bc1-6061b4f40360"}
{"level":"info","msg":"request","requestId":"6f553d4b-fcf7-456c-a998-116747883495","method":"PATCH","path":"/api/v1/people-ops/reviews/b133b3c7-215f-40d2-bb70-009e25ea0a69","status":200,"durationMs":345,"orgId":"e9968243-4385-4b0d-9fbd-f4d100f50dec","userId":"89569a6c-609f-43e3-9bc1-6061b4f40360"}
{"level":"info","msg":"request","requestId":"80d2ea88-bac1-4431-aa1d-b16af46fa82c","method":"PATCH","path":"/api/v1/people-ops/reviews/b133b3c7-215f-40d2-bb70-009e25ea0a69","status":200,"durationMs":321,"orgId":"e9968243-4385-4b0d-9fbd-f4d100f50dec","userId":"89569a6c-609f-43e3-9bc1-6061b4f40360"}
{"level":"info","msg":"request","requestId":"61a1cd1d-acfe-4d8b-8663-c4da0f4217b9","method":"PATCH","path":"/api/v1/people-ops/reviews/b133b3c7-215f-40d2-bb70-009e25ea0a69","status":200,"durationMs":311,"orgId":"e9968243-4385-4b0d-9fbd-f4d100f50dec","userId":"89569a6c-609f-43e3-9bc1-6061b4f40360"}
{"level":"info","msg":"request","requestId":"04ce81a2-bd34-405b-b073-9fba4bf7fb9b","method":"GET","path":"/api/v1/people-ops/learning","status":200,"durationMs":323,"orgId":"e9968243-4385-4b0d-9fbd-f4d100f50dec","userId":"89569a6c-609f-43e3-9bc1-6061b4f40360"}
{"level":"info","msg":"request","requestId":"cf28eefc-9113-4dfe-9058-73df434a1032","method":"GET","path":"/api/v1/me","status":200,"durationMs":179,"orgId":"e9968243-4385-4b0d-9fbd-f4d100f50dec","userId":"89569a6c-609f-43e3-9bc1-6061b4f40360"}
{"level":"info","msg":"request","requestId":"d26b5939-cb63-42ff-abed-32d432fa6da1","method":"POST","path":"/api/v1/people-ops/recognitions","status":201,"durationMs":326,"orgId":"e9968243-4385-4b0d-9fbd-f4d100f50dec","userId":"89569a6c-609f-43e3-9bc1-6061b4f40360"}
{"level":"info","msg":"request","requestId":"e185add7-f5bd-49a9-ad00-1f554b5712f6","method":"POST","path":"/api/v1/people-ops/hr-changes","status":201,"durationMs":273,"orgId":"e9968243-4385-4b0d-9fbd-f4d100f50dec","userId":"89569a6c-609f-43e3-9bc1-6061b4f40360"}
{"level":"info","msg":"request","requestId":"2bb14e77-4b59-44ad-aa8b-3fc0444e492b","method":"GET","path":"/api/v1/people-ops/hr-changes","status":200,"durationMs":354,"orgId":"e9968243-4385-4b0d-9fbd-f4d100f50dec","userId":"89569a6c-609f-43e3-9bc1-6061b4f40360"}
{"level":"info","msg":"request","requestId":"dc5f791f-1330-4272-82e5-6bbaa3b2cff9","method":"PATCH","path":"/api/v1/people-ops/hr-changes","status":200,"durationMs":544,"orgId":"e9968243-4385-4b0d-9fbd-f4d100f50dec","userId":"89569a6c-609f-43e3-9bc1-6061b4f40360"}
{"level":"info","msg":"request","requestId":"a9b2c2e8-fdcb-4e4c-9d19-2af4d8cced5d","method":"POST","path":"/api/v1/delegations","status":201,"durationMs":432,"orgId":"e9968243-4385-4b0d-9fbd-f4d100f50dec","userId":"89569a6c-609f-43e3-9bc1-6061b4f40360"}
{"level":"info","msg":"request","requestId":"93b0217e-b67a-46ff-8549-3d88740eea5c","method":"GET","path":"/api/v1/delegations","status":200,"durationMs":274,"orgId":"e9968243-4385-4b0d-9fbd-f4d100f50dec","userId":"89569a6c-609f-43e3-9bc1-6061b4f40360"}
{"level":"info","msg":"request","requestId":"9b0f7518-3336-44a1-8298-e0ad715f2f5e","method":"DELETE","path":"/api/v1/delegations","status":400,"durationMs":153,"category":"bad_request","orgId":"e9968243-4385-4b0d-9fbd-f4d100f50dec","userId":"89569a6c-609f-43e3-9bc1-6061b4f40360"}
{"level":"info","msg":"request","requestId":"e7d876c6-45e3-40b7-84df-8be3fbfea07e","method":"GET","path":"/api/v1/analytics","status":200,"durationMs":533,"orgId":"e9968243-4385-4b0d-9fbd-f4d100f50dec","userId":"89569a6c-609f-43e3-9bc1-6061b4f40360"}
{"level":"info","msg":"request","requestId":"c136e3f2-a3d0-4e89-9637-40d78a489494","method":"GET","path":"/api/v1/dashboards","status":200,"durationMs":581,"orgId":"e9968243-4385-4b0d-9fbd-f4d100f50dec","userId":"89569a6c-609f-43e3-9bc1-6061b4f40360"}
{"level":"info","msg":"request","requestId":"9ed1e4cc-1362-471e-862a-eceea4a3c21f","method":"GET","path":"/api/v1/search","status":200,"durationMs":797,"orgId":"e9968243-4385-4b0d-9fbd-f4d100f50dec","userId":"89569a6c-609f-43e3-9bc1-6061b4f40360"}
{"level":"info","msg":"request","requestId":"8aea1f6b-546e-4bd4-b543-f7ae82ba193f","method":"POST","path":"/api/v1/notifications/read-all","status":200,"durationMs":265,"orgId":"e9968243-4385-4b0d-9fbd-f4d100f50dec","userId":"89569a6c-609f-43e3-9bc1-6061b4f40360"}
{"level":"info","msg":"request","requestId":"5a052b91-198d-4ff9-a8b5-aacc106fdf4b","method":"POST","path":"/api/v1/requests/escalate-sweep","status":200,"durationMs":346,"orgId":"e9968243-4385-4b0d-9fbd-f4d100f50dec","userId":"89569a6c-609f-43e3-9bc1-6061b4f40360"}
{"level":"info","msg":"request","requestId":"0d85abb3-1ecd-485c-ac7c-6f1add2d9fde","method":"POST","path":"/api/v1/workplace/resources","status":201,"durationMs":341,"orgId":"e9968243-4385-4b0d-9fbd-f4d100f50dec","userId":"89569a6c-609f-43e3-9bc1-6061b4f40360"}
{"level":"info","msg":"request","requestId":"08f57c6d-1634-489d-af5b-1c3999dd774f","method":"POST","path":"/api/v1/workplace/bookings","status":201,"durationMs":529,"orgId":"e9968243-4385-4b0d-9fbd-f4d100f50dec","userId":"89569a6c-609f-43e3-9bc1-6061b4f40360"}
{"level":"info","msg":"request","requestId":"b6ff49d9-c12f-4ddd-84bd-9b2af2cb4365","method":"POST","path":"/api/v1/workplace/bookings","status":409,"durationMs":347,"category":"conflict","orgId":"e9968243-4385-4b0d-9fbd-f4d100f50dec","userId":"89569a6c-609f-43e3-9bc1-6061b4f40360"}
{"level":"info","msg":"request","requestId":"5380239b-b3d5-4f7b-be70-26b381addcbb","method":"GET","path":"/api/v1/workplace/bookings","status":200,"durationMs":247,"orgId":"e9968243-4385-4b0d-9fbd-f4d100f50dec","userId":"89569a6c-609f-43e3-9bc1-6061b4f40360"}
{"level":"info","msg":"request","requestId":"5090507e-d955-45d0-a11c-ed2be05b029e","method":"POST","path":"/api/v1/workplace/bookings","status":200,"durationMs":229,"orgId":"e9968243-4385-4b0d-9fbd-f4d100f50dec","userId":"89569a6c-609f-43e3-9bc1-6061b4f40360"}
{"level":"info","msg":"request","requestId":"beda4f23-dc8d-4e0b-b0d1-7bc8c1d739d9","method":"POST","path":"/api/v1/governance","status":403,"durationMs":160,"category":"forbidden","orgId":"e9968243-4385-4b0d-9fbd-f4d100f50dec","userId":"89569a6c-609f-43e3-9bc1-6061b4f40360"}
{"level":"info","msg":"request","requestId":"4eacdeab-1d2a-4c37-9d8b-19e4d16ead86","method":"PUT","path":"/api/v1/me/preferences","status":201,"durationMs":322,"orgId":"e9968243-4385-4b0d-9fbd-f4d100f50dec","userId":"89569a6c-609f-43e3-9bc1-6061b4f40360"}
{"level":"info","msg":"request","requestId":"3bdd4585-afd2-44d0-8634-0a07ca1cb572","method":"PUT","path":"/api/v1/me/preferences","status":201,"durationMs":323,"orgId":"e9968243-4385-4b0d-9fbd-f4d100f50dec","userId":"89569a6c-609f-43e3-9bc1-6061b4f40360"}
{"level":"info","msg":"request","requestId":"d7b4b057-a81b-412f-8d7d-ab63470bb823","method":"GET","path":"/api/v1/me/preferences","status":200,"durationMs":290,"orgId":"e9968243-4385-4b0d-9fbd-f4d100f50dec","userId":"89569a6c-609f-43e3-9bc1-6061b4f40360"}
{"level":"info","msg":"request","requestId":"5e355a98-1d06-4e02-83e9-279731792276","method":"POST","path":"/api/v1/leave","status":201,"durationMs":984,"orgId":"e9968243-4385-4b0d-9fbd-f4d100f50dec","userId":"c30cf314-8295-44dd-8b6e-2aaaf7f9b9ee"}
{"level":"info","msg":"request","requestId":"d0f67c08-bc67-4410-8273-e72749e472b8","method":"GET","path":"/api/v1/notifications","status":200,"durationMs":268,"orgId":"e9968243-4385-4b0d-9fbd-f4d100f50dec","userId":"89569a6c-609f-43e3-9bc1-6061b4f40360"}
{"level":"info","msg":"request","requestId":"46e0794a-3e7a-4329-8092-6f844e09863c","method":"POST","path":"/api/v1/auth/register","status":201,"durationMs":1703}
{"level":"info","msg":"request","requestId":"d610b6b9-0ade-474e-ba73-c2c801a26781","method":"POST","path":"/api/v1/admin/users","status":201,"durationMs":609,"orgId":"7aab4d15-dabe-4acb-a4d0-da5d9f41bf58","userId":"f524a315-3e9f-4660-b343-bd61a3ec560b"}
{"level":"info","msg":"request","requestId":"8405fc21-a604-4c3f-aff9-d412e5a96ae4","method":"GET","path":"/api/v1/me/orgs","status":200,"durationMs":216,"orgId":"e9968243-4385-4b0d-9fbd-f4d100f50dec","userId":"89569a6c-609f-43e3-9bc1-6061b4f40360"}
{"level":"info","msg":"request","requestId":"a29f1b5d-6c53-475f-8ccf-d0702fca022e","method":"POST","path":"/api/v1/me/orgs","status":200,"durationMs":321,"orgId":"e9968243-4385-4b0d-9fbd-f4d100f50dec","userId":"89569a6c-609f-43e3-9bc1-6061b4f40360"}
{"level":"info","msg":"request","requestId":"be0b22a5-1bd5-4b58-89ab-fb41b8d12a22","method":"POST","path":"/api/v1/departments","status":201,"durationMs":322,"orgId":"7aab4d15-dabe-4acb-a4d0-da5d9f41bf58","userId":"89569a6c-609f-43e3-9bc1-6061b4f40360"}
{"level":"info","msg":"request","requestId":"586a1c17-05d0-46fd-a463-55d41a8c3f7a","method":"GET","path":"/api/v1/me/preferences","status":200,"durationMs":234,"orgId":"7aab4d15-dabe-4acb-a4d0-da5d9f41bf58","userId":"89569a6c-609f-43e3-9bc1-6061b4f40360"}
{"level":"info","msg":"request","requestId":"ce347ad6-9db8-4647-af97-ca85ccd24ab0","method":"GET","path":"/api/v1/me/orgs","status":200,"durationMs":230,"orgId":"7aab4d15-dabe-4acb-a4d0-da5d9f41bf58","userId":"89569a6c-609f-43e3-9bc1-6061b4f40360"}
{"level":"info","msg":"request","requestId":"2d0f0226-67d9-43eb-a79d-dcf06bc98e8a","method":"POST","path":"/api/v1/me/orgs","status":200,"durationMs":316,"orgId":"7aab4d15-dabe-4acb-a4d0-da5d9f41bf58","userId":"89569a6c-609f-43e3-9bc1-6061b4f40360"}
{"level":"info","msg":"request","requestId":"89b9ad77-0660-40fd-af74-10f1df92b064","method":"GET","path":"/api/v1/me/preferences","status":200,"durationMs":224,"orgId":"e9968243-4385-4b0d-9fbd-f4d100f50dec","userId":"89569a6c-609f-43e3-9bc1-6061b4f40360"}
{"level":"info","msg":"request","requestId":"50b98a60-c4be-4fae-8bce-2d3081c597fa","method":"GET","path":"/api/v1/admin/users","status":200,"durationMs":231,"orgId":"e9968243-4385-4b0d-9fbd-f4d100f50dec","userId":"89569a6c-609f-43e3-9bc1-6061b4f40360"}
{"level":"info","msg":"request","requestId":"89671119-d42f-480a-bd03-eea2b4672050","method":"GET","path":"/api/v1/admin/roles","status":200,"durationMs":240,"orgId":"e9968243-4385-4b0d-9fbd-f4d100f50dec","userId":"89569a6c-609f-43e3-9bc1-6061b4f40360"}
{"level":"info","msg":"request","requestId":"9f4acaeb-4115-46ea-9f22-60483cb45a64","method":"GET","path":"/api/v1/admin/audit","status":200,"durationMs":249,"orgId":"e9968243-4385-4b0d-9fbd-f4d100f50dec","userId":"89569a6c-609f-43e3-9bc1-6061b4f40360"}
{"level":"info","msg":"request","requestId":"b520b1e5-8da0-49ed-b88d-767ac2696bf6","method":"GET","path":"/api/v1/admin/users","status":200,"durationMs":250,"orgId":"e9968243-4385-4b0d-9fbd-f4d100f50dec","userId":"89569a6c-609f-43e3-9bc1-6061b4f40360"}
{"level":"info","msg":"request","requestId":"711dd015-b85a-4338-9751-50ad8310316a","method":"GET","path":"/api/v1/admin/users/c30cf314-8295-44dd-8b6e-2aaaf7f9b9ee","status":200,"durationMs":910,"orgId":"e9968243-4385-4b0d-9fbd-f4d100f50dec","userId":"89569a6c-609f-43e3-9bc1-6061b4f40360"}
{"level":"info","msg":"request","requestId":"ae415a49-445c-49d7-bbda-480710cc3081","method":"GET","path":"/api/v1/admin/users","status":200,"durationMs":264,"orgId":"e9968243-4385-4b0d-9fbd-f4d100f50dec","userId":"89569a6c-609f-43e3-9bc1-6061b4f40360"}
{"level":"info","msg":"request","requestId":"285e0d3e-721d-4a91-b0ed-895b6b73bf67","method":"PATCH","path":"/api/v1/admin/users/c30cf314-8295-44dd-8b6e-2aaaf7f9b9ee","status":200,"durationMs":473,"orgId":"e9968243-4385-4b0d-9fbd-f4d100f50dec","userId":"89569a6c-609f-43e3-9bc1-6061b4f40360"}
{"level":"info","msg":"request","requestId":"3f2b6e5d-0830-49f7-9da3-26cb1d9acd5e","method":"GET","path":"/api/v1/me","status":401,"durationMs":84,"category":"unauthorized"}
{"level":"info","msg":"request","requestId":"294d31f1-5578-4b75-8d20-5f47c8e6c4d6","method":"PATCH","path":"/api/v1/admin/users/c30cf314-8295-44dd-8b6e-2aaaf7f9b9ee","status":200,"durationMs":450,"orgId":"e9968243-4385-4b0d-9fbd-f4d100f50dec","userId":"89569a6c-609f-43e3-9bc1-6061b4f40360"}
{"level":"info","msg":"request","requestId":"22db6a2a-1b35-43e5-bead-b806945a8e82","method":"POST","path":"/api/v1/auth/login","status":200,"durationMs":409}
{"level":"info","msg":"request","requestId":"e739df12-3da4-466e-867b-52526921af55","method":"GET","path":"/api/v1/admin/export/employees","status":200,"durationMs":366,"orgId":"e9968243-4385-4b0d-9fbd-f4d100f50dec","userId":"89569a6c-609f-43e3-9bc1-6061b4f40360"}
{"level":"info","msg":"request","requestId":"f3186c8a-00c0-4a97-ab8d-62839d7a8e5f","method":"POST","path":"/api/v1/documents","status":400,"durationMs":426,"category":"bad_request","orgId":"e9968243-4385-4b0d-9fbd-f4d100f50dec","userId":"89569a6c-609f-43e3-9bc1-6061b4f40360"}
{"level":"info","msg":"request","requestId":"61083691-ecaa-4bc7-8eb9-df8406b9b0d4","method":"POST","path":"/api/v1/documents","status":400,"durationMs":188,"category":"bad_request","orgId":"e9968243-4385-4b0d-9fbd-f4d100f50dec","userId":"89569a6c-609f-43e3-9bc1-6061b4f40360"}
{"level":"info","msg":"request","requestId":"7aacac90-6697-4ae2-ac47-1f15a43a4584","method":"GET","path":"/api/v1/admin/export/employees","status":403,"durationMs":181,"category":"forbidden","orgId":"e9968243-4385-4b0d-9fbd-f4d100f50dec","userId":"c30cf314-8295-44dd-8b6e-2aaaf7f9b9ee"}
{"level":"info","msg":"request","requestId":"2cafd8c1-89b9-4649-bc4f-721d01c28ffc","method":"POST","path":"/api/v1/org/branding","status":201,"durationMs":235,"orgId":"e9968243-4385-4b0d-9fbd-f4d100f50dec","userId":"89569a6c-609f-43e3-9bc1-6061b4f40360"}
{"level":"info","msg":"request","requestId":"f511e65f-0114-4803-9926-f665f4ee0c00","method":"GET","path":"/api/v1/org/branding/logo","status":200,"durationMs":172,"orgId":"e9968243-4385-4b0d-9fbd-f4d100f50dec","userId":"89569a6c-609f-43e3-9bc1-6061b4f40360"}
{"level":"info","msg":"request","requestId":"beb290ed-03dc-4959-8321-c15143c08003","method":"DELETE","path":"/api/v1/org/branding","status":200,"durationMs":257,"orgId":"e9968243-4385-4b0d-9fbd-f4d100f50dec","userId":"89569a6c-609f-43e3-9bc1-6061b4f40360"}
{"level":"info","msg":"request","requestId":"3e4743ab-dc05-4b15-b41f-bc97910ee96d","method":"POST","path":"/api/v1/ai/chat","status":200,"durationMs":20041,"orgId":"e9968243-4385-4b0d-9fbd-f4d100f50dec","userId":"89569a6c-609f-43e3-9bc1-6061b4f40360"}
