   ▲ Next.js 15.5.23
   - Local:        http://localhost:3000
   - Network:      http://192.168.56.1:3000

 ✓ Starting...
 ✓ Ready in 1612ms
{"level":"info","msg":"request","requestId":"0d2122d3-24f2-4680-8267-66fbc61a1e85","method":"POST","path":"/api/v1/auth/register","status":201,"durationMs":2145}
{"level":"info","msg":"request","requestId":"31a6df46-ac94-43ae-baaa-436cc8921c35","method":"GET","path":"/api/v1/me","status":200,"durationMs":569,"orgId":"49b7e7ea-e322-4865-90d5-69ccf2b791c7","userId":"d9d0e474-8d96-472c-9bab-ea9f206cf41b"}
{"level":"info","msg":"request","requestId":"5780e734-5a72-44d5-a8a9-3f6693707b7d","method":"POST","path":"/api/v1/departments","status":201,"durationMs":288,"orgId":"49b7e7ea-e322-4865-90d5-69ccf2b791c7","userId":"d9d0e474-8d96-472c-9bab-ea9f206cf41b"}
{"level":"info","msg":"request","requestId":"a75a9196-9015-45f9-9bae-85e9e1deca27","method":"POST","path":"/api/v1/teams","status":201,"durationMs":273,"orgId":"49b7e7ea-e322-4865-90d5-69ccf2b791c7","userId":"d9d0e474-8d96-472c-9bab-ea9f206cf41b"}
{"level":"info","msg":"request","requestId":"3625bac3-2010-4144-aa09-69cb333d0b9d","method":"POST","path":"/api/v1/admin/users","status":201,"durationMs":667,"orgId":"49b7e7ea-e322-4865-90d5-69ccf2b791c7","userId":"d9d0e474-8d96-472c-9bab-ea9f206cf41b"}
{"level":"info","msg":"request","requestId":"186f7169-8a27-4d10-90cf-ddfb3e2732d6","method":"POST","path":"/api/v1/auth/login","status":200,"durationMs":290}
{"level":"info","msg":"request","requestId":"a63c14b4-487e-4926-b128-8622029d4fda","method":"POST","path":"/api/v1/attendance/clock","status":200,"durationMs":326,"orgId":"49b7e7ea-e322-4865-90d5-69ccf2b791c7","userId":"d9d0e474-8d96-472c-9bab-ea9f206cf41b"}
{"level":"info","msg":"request","requestId":"625ed99e-f8bd-43d6-b1ec-e02ca28b2b64","method":"POST","path":"/api/v1/attendance/clock","status":200,"durationMs":336,"orgId":"49b7e7ea-e322-4865-90d5-69ccf2b791c7","userId":"d9d0e474-8d96-472c-9bab-ea9f206cf41b"}
{"level":"info","msg":"request","requestId":"161fb8b1-1cdb-4286-85c3-e65c69ac11be","method":"GET","path":"/api/v1/leave/balances","status":200,"durationMs":229,"orgId":"49b7e7ea-e322-4865-90d5-69ccf2b791c7","userId":"d9d0e474-8d96-472c-9bab-ea9f206cf41b"}
{"level":"info","msg":"request","requestId":"0b3cbbfb-2c1e-4c8b-831f-b67df7200ecb","method":"POST","path":"/api/v1/leave","status":201,"durationMs":517,"orgId":"49b7e7ea-e322-4865-90d5-69ccf2b791c7","userId":"d9d0e474-8d96-472c-9bab-ea9f206cf41b"}
{"level":"info","msg":"request","requestId":"f9ffd538-be77-416e-9789-5c86b3bcdfb0","method":"POST","path":"/api/v1/leave/7305a917-71d7-47aa-8bac-eb9982416f62/review","status":200,"durationMs":566,"orgId":"49b7e7ea-e322-4865-90d5-69ccf2b791c7","userId":"d9d0e474-8d96-472c-9bab-ea9f206cf41b"}
{"level":"info","msg":"request","requestId":"97039749-4787-41ea-b491-0d6a6351c501","method":"GET","path":"/api/v1/leave/balances","status":200,"durationMs":201,"orgId":"49b7e7ea-e322-4865-90d5-69ccf2b791c7","userId":"d9d0e474-8d96-472c-9bab-ea9f206cf41b"}
{"level":"info","msg":"request","requestId":"3ea3dab7-1a59-4773-8e6e-744d1f47cb02","method":"POST","path":"/api/v1/request-types","status":201,"durationMs":341,"orgId":"49b7e7ea-e322-4865-90d5-69ccf2b791c7","userId":"d9d0e474-8d96-472c-9bab-ea9f206cf41b"}
{"level":"info","msg":"request","requestId":"4ca5ff5e-a11e-467b-a8e5-58f60e91f87d","method":"POST","path":"/api/v1/requests","status":201,"durationMs":665,"orgId":"49b7e7ea-e322-4865-90d5-69ccf2b791c7","userId":"f030f011-ead2-4110-8562-c890a00242a1"}
{"level":"info","msg":"request","requestId":"40f90284-bfe2-4b23-8d01-ba38ce9c40c2","method":"POST","path":"/api/v1/requests/fdc22b0d-d34d-4f20-98d0-a687a5bfb021/review","status":200,"durationMs":482,"orgId":"49b7e7ea-e322-4865-90d5-69ccf2b791c7","userId":"d9d0e474-8d96-472c-9bab-ea9f206cf41b"}
{"level":"info","msg":"request","requestId":"f35792d9-60f2-4159-a272-b0238e87e7a8","method":"POST","path":"/api/v1/projects","status":201,"durationMs":325,"orgId":"49b7e7ea-e322-4865-90d5-69ccf2b791c7","userId":"d9d0e474-8d96-472c-9bab-ea9f206cf41b"}
{"level":"info","msg":"request","requestId":"0c5c55cc-0f88-4901-9d41-f97c8fd4c666","method":"POST","path":"/api/v1/tasks","status":201,"durationMs":298,"orgId":"49b7e7ea-e322-4865-90d5-69ccf2b791c7","userId":"d9d0e474-8d96-472c-9bab-ea9f206cf41b"}
{"level":"info","msg":"request","requestId":"4dc753bb-8420-4317-85ca-d34a7fb833bd","method":"PATCH","path":"/api/v1/tasks/286d2108-1601-40de-b79e-b9319aa9bed9","status":200,"durationMs":320,"orgId":"49b7e7ea-e322-4865-90d5-69ccf2b791c7","userId":"d9d0e474-8d96-472c-9bab-ea9f206cf41b"}
{"level":"info","msg":"request","requestId":"a5955e55-19ab-48e4-aa7c-bfdbcaebad6b","method":"POST","path":"/api/v1/goals","status":201,"durationMs":288,"orgId":"49b7e7ea-e322-4865-90d5-69ccf2b791c7","userId":"d9d0e474-8d96-472c-9bab-ea9f206cf41b"}
{"level":"info","msg":"request","requestId":"549904c5-da93-430a-915d-6589416c267b","method":"PATCH","path":"/api/v1/goals/e51fbefc-02e4-4f0b-8c0f-ed92b6ff1e6f/progress","status":200,"durationMs":301,"orgId":"49b7e7ea-e322-4865-90d5-69ccf2b791c7","userId":"d9d0e474-8d96-472c-9bab-ea9f206cf41b"}
{"level":"info","msg":"request","requestId":"f7a22580-c974-47da-a3b0-76ac078b3562","method":"POST","path":"/api/v1/knowledge","status":201,"durationMs":272,"orgId":"49b7e7ea-e322-4865-90d5-69ccf2b791c7","userId":"d9d0e474-8d96-472c-9bab-ea9f206cf41b"}
{"level":"info","msg":"request","requestId":"83598ee7-d2d2-48f4-9f9a-4f4d4e643ec1","method":"POST","path":"/api/v1/documents","status":201,"durationMs":283,"orgId":"49b7e7ea-e322-4865-90d5-69ccf2b791c7","userId":"d9d0e474-8d96-472c-9bab-ea9f206cf41b"}
{"level":"info","msg":"request","requestId":"922e40ba-97b2-45b3-aca9-eefddf9b0fc4","method":"GET","path":"/api/v1/documents/22a38b65-0919-4ec3-8f5f-8572d7665bd0/download","status":200,"durationMs":342,"orgId":"49b7e7ea-e322-4865-90d5-69ccf2b791c7","userId":"d9d0e474-8d96-472c-9bab-ea9f206cf41b"}
{"level":"info","msg":"request","requestId":"b7b0a197-100d-4670-a82e-2442729968aa","method":"POST","path":"/api/v1/announcements","status":201,"durationMs":265,"orgId":"49b7e7ea-e322-4865-90d5-69ccf2b791c7","userId":"d9d0e474-8d96-472c-9bab-ea9f206cf41b"}
{"level":"info","msg":"request","requestId":"74c22313-0512-4e67-9142-f3d68e3dc24f","method":"POST","path":"/api/v1/discussions","status":201,"durationMs":753,"orgId":"49b7e7ea-e322-4865-90d5-69ccf2b791c7","userId":"d9d0e474-8d96-472c-9bab-ea9f206cf41b"}
{"level":"info","msg":"request","requestId":"52199b45-c325-40d0-a5d0-6256b084cf6e","method":"POST","path":"/api/v1/discussions/7cf0c699-8588-44d9-a65c-c363f209ea41/replies","status":201,"durationMs":735,"orgId":"49b7e7ea-e322-4865-90d5-69ccf2b791c7","userId":"d9d0e474-8d96-472c-9bab-ea9f206cf41b"}
{"level":"info","msg":"request","requestId":"672bd7c3-d111-4b58-b55b-f9d480347171","method":"POST","path":"/api/v1/surveys","status":201,"durationMs":261,"orgId":"49b7e7ea-e322-4865-90d5-69ccf2b791c7","userId":"d9d0e474-8d96-472c-9bab-ea9f206cf41b"}
{"level":"info","msg":"request","requestId":"21257920-560b-4076-a607-ad80041e0c8d","method":"POST","path":"/api/v1/surveys/3243d216-237d-4f0d-a6a4-ad4a4c2d2bd6/vote","status":200,"durationMs":304,"orgId":"49b7e7ea-e322-4865-90d5-69ccf2b791c7","userId":"d9d0e474-8d96-472c-9bab-ea9f206cf41b"}
{"level":"info","msg":"request","requestId":"123d9194-3d12-4d60-ab97-104edbc8998e","method":"POST","path":"/api/v1/admin/acknowledgements","status":201,"durationMs":262,"orgId":"49b7e7ea-e322-4865-90d5-69ccf2b791c7","userId":"d9d0e474-8d96-472c-9bab-ea9f206cf41b"}
{"level":"info","msg":"request","requestId":"a25f5504-b470-452e-b6c2-0c092c010e5c","method":"POST","path":"/api/v1/acknowledgements/4993a99f-665a-4f0d-9ef2-e93ad7134121/sign","status":200,"durationMs":357,"orgId":"49b7e7ea-e322-4865-90d5-69ccf2b791c7","userId":"d9d0e474-8d96-472c-9bab-ea9f206cf41b"}
{"level":"info","msg":"request","requestId":"008c5787-870a-444e-840b-fa05c0adb575","method":"GET","path":"/api/v1/support/tickets","status":400,"durationMs":132,"category":"bad_request","orgId":"49b7e7ea-e322-4865-90d5-69ccf2b791c7","userId":"d9d0e474-8d96-472c-9bab-ea9f206cf41b"}
{"level":"info","msg":"request","requestId":"f80bdebb-fc4f-4bd7-893f-d5e928cb268c","method":"POST","path":"/api/v1/assets","status":201,"durationMs":259,"orgId":"49b7e7ea-e322-4865-90d5-69ccf2b791c7","userId":"d9d0e474-8d96-472c-9bab-ea9f206cf41b"}
{"level":"info","msg":"request","requestId":"fedd3291-56b9-4940-8f9e-eb70b16f1b06","method":"POST","path":"/api/v1/assets/ee513b38-6925-4700-a747-c4d00eb1a088/assign","status":200,"durationMs":452,"orgId":"49b7e7ea-e322-4865-90d5-69ccf2b791c7","userId":"d9d0e474-8d96-472c-9bab-ea9f206cf41b"}
{"level":"info","msg":"request","requestId":"f91c07dd-2b65-4f8c-90ca-1a7f894d8aa6","method":"POST","path":"/api/v1/finance/budgets","status":201,"durationMs":230,"orgId":"49b7e7ea-e322-4865-90d5-69ccf2b791c7","userId":"d9d0e474-8d96-472c-9bab-ea9f206cf41b"}
{"level":"info","msg":"request","requestId":"7d2ba75b-ebc5-41e0-866f-8e27bd10f345","method":"POST","path":"/api/v1/finance/vendors","status":201,"durationMs":248,"orgId":"49b7e7ea-e322-4865-90d5-69ccf2b791c7","userId":"d9d0e474-8d96-472c-9bab-ea9f206cf41b"}
{"level":"info","msg":"request","requestId":"bbf90877-7535-4ecc-9738-d94ba88e5a28","method":"POST","path":"/api/v1/finance/expenses","status":201,"durationMs":287,"orgId":"49b7e7ea-e322-4865-90d5-69ccf2b791c7","userId":"d9d0e474-8d96-472c-9bab-ea9f206cf41b"}
{"level":"info","msg":"request","requestId":"f910baf7-77b6-4070-94ec-41524d503c42","method":"PATCH","path":"/api/v1/finance/expenses/48397ac8-0bdd-4fe6-b100-658a10aae350","status":400,"durationMs":197,"category":"bad_request","orgId":"49b7e7ea-e322-4865-90d5-69ccf2b791c7","userId":"d9d0e474-8d96-472c-9bab-ea9f206cf41b"}
{"level":"info","msg":"request","requestId":"4cd471b9-f0a4-49c6-ae7e-cb474435a8f2","method":"PATCH","path":"/api/v1/finance/expenses/48397ac8-0bdd-4fe6-b100-658a10aae350","status":400,"durationMs":191,"category":"bad_request","orgId":"49b7e7ea-e322-4865-90d5-69ccf2b791c7","userId":"d9d0e474-8d96-472c-9bab-ea9f206cf41b"}
{"level":"info","msg":"request","requestId":"3005a441-ba00-432f-a167-b058a53aacd6","method":"POST","path":"/api/v1/finance/purchases","status":201,"durationMs":255,"orgId":"49b7e7ea-e322-4865-90d5-69ccf2b791c7","userId":"d9d0e474-8d96-472c-9bab-ea9f206cf41b"}
{"level":"info","msg":"request","requestId":"423af25d-9632-4dc0-a83c-bc0da7977beb","method":"PATCH","path":"/api/v1/finance/purchases/ad2a99a5-73f5-45b5-8927-19edc520f3bc","status":200,"durationMs":332,"orgId":"49b7e7ea-e322-4865-90d5-69ccf2b791c7","userId":"d9d0e474-8d96-472c-9bab-ea9f206cf41b"}
{"level":"info","msg":"request","requestId":"731bce72-3c5a-45bc-a311-950c2aad2225","method":"PATCH","path":"/api/v1/finance/purchases/ad2a99a5-73f5-45b5-8927-19edc520f3bc","status":200,"durationMs":331,"orgId":"49b7e7ea-e322-4865-90d5-69ccf2b791c7","userId":"d9d0e474-8d96-472c-9bab-ea9f206cf41b"}
{"level":"info","msg":"request","requestId":"bdfbff4b-948f-4369-8480-224a64dd9d4a","method":"PATCH","path":"/api/v1/finance/purchases/ad2a99a5-73f5-45b5-8927-19edc520f3bc","status":200,"durationMs":479,"orgId":"49b7e7ea-e322-4865-90d5-69ccf2b791c7","userId":"d9d0e474-8d96-472c-9bab-ea9f206cf41b"}
{"level":"info","msg":"request","requestId":"7964c46f-5964-4c5b-8a96-4798470b34f8","method":"POST","path":"/api/v1/finance/travel","status":201,"durationMs":266,"orgId":"49b7e7ea-e322-4865-90d5-69ccf2b791c7","userId":"d9d0e474-8d96-472c-9bab-ea9f206cf41b"}
{"level":"info","msg":"request","requestId":"60b129a3-6558-4de2-a397-2a8f45abd239","method":"PATCH","path":"/api/v1/finance/travel/0266527b-1be3-47b4-9289-1cc344577e81","status":200,"durationMs":340,"orgId":"49b7e7ea-e322-4865-90d5-69ccf2b791c7","userId":"d9d0e474-8d96-472c-9bab-ea9f206cf41b"}
{"level":"info","msg":"request","requestId":"6a49a1e0-4160-4d12-accb-86fb2b6d3c8f","method":"POST","path":"/api/v1/people-ops/jobs","status":201,"durationMs":193,"orgId":"49b7e7ea-e322-4865-90d5-69ccf2b791c7","userId":"d9d0e474-8d96-472c-9bab-ea9f206cf41b"}
{"level":"info","msg":"request","requestId":"2aef2eab-b1c2-4d58-8223-6e5d38772f8b","method":"POST","path":"/api/v1/people-ops/candidates","status":201,"durationMs":270,"orgId":"49b7e7ea-e322-4865-90d5-69ccf2b791c7","userId":"d9d0e474-8d96-472c-9bab-ea9f206cf41b"}
{"level":"info","msg":"request","requestId":"e0dd6909-cd2d-42c9-9f1b-cd5bc788f1c7","method":"PATCH","path":"/api/v1/people-ops/candidates","status":200,"durationMs":417,"orgId":"49b7e7ea-e322-4865-90d5-69ccf2b791c7","userId":"d9d0e474-8d96-472c-9bab-ea9f206cf41b"}
{"level":"info","msg":"request","requestId":"4068563b-3d39-4963-a0b2-1387c278fb91","method":"POST","path":"/api/v1/people-ops/candidates/dea72d8d-194d-459d-9827-7a514d85d787","status":201,"durationMs":269,"orgId":"49b7e7ea-e322-4865-90d5-69ccf2b791c7","userId":"d9d0e474-8d96-472c-9bab-ea9f206cf41b"}
{"level":"info","msg":"request","requestId":"ca31a9b4-1ddd-4fc1-901a-801524dbdd42","method":"GET","path":"/api/v1/me","status":200,"durationMs":132,"orgId":"49b7e7ea-e322-4865-90d5-69ccf2b791c7","userId":"d9d0e474-8d96-472c-9bab-ea9f206cf41b"}
{"level":"info","msg":"request","requestId":"9277475b-b44c-4e5f-b50f-6d5c19f2db2b","method":"POST","path":"/api/v1/people-ops/journeys","status":201,"durationMs":389,"orgId":"49b7e7ea-e322-4865-90d5-69ccf2b791c7","userId":"d9d0e474-8d96-472c-9bab-ea9f206cf41b"}
{"level":"info","msg":"request","requestId":"28d150fe-d3b3-42b2-92bf-7232db139eb3","method":"GET","path":"/api/v1/people-ops/journeys/5f0605a3-2473-49af-b330-99a0f9e37b72","status":200,"durationMs":247,"orgId":"49b7e7ea-e322-4865-90d5-69ccf2b791c7","userId":"d9d0e474-8d96-472c-9bab-ea9f206cf41b"}
{"level":"info","msg":"request","requestId":"ee2e2bb9-2c3e-48f6-b0e3-001a4d8875a8","method":"PATCH","path":"/api/v1/people-ops/journeys/5f0605a3-2473-49af-b330-99a0f9e37b72","status":200,"durationMs":333,"orgId":"49b7e7ea-e322-4865-90d5-69ccf2b791c7","userId":"d9d0e474-8d96-472c-9bab-ea9f206cf41b"}
{"level":"info","msg":"request","requestId":"05c9fdc4-4353-428a-9b37-875cd7685218","method":"POST","path":"/api/v1/people-ops/reviews","status":201,"durationMs":326,"orgId":"49b7e7ea-e322-4865-90d5-69ccf2b791c7","userId":"d9d0e474-8d96-472c-9bab-ea9f206cf41b"}
{"level":"info","msg":"request","requestId":"cd5009a8-9de1-479e-9652-6a7e8ecf4c49","method":"GET","path":"/api/v1/people-ops/reviews","status":200,"durationMs":251,"orgId":"49b7e7ea-e322-4865-90d5-69ccf2b791c7","userId":"d9d0e474-8d96-472c-9bab-ea9f206cf41b"}
{"level":"info","msg":"request","requestId":"370fdbb5-5e10-4717-bfb6-ecb48f229b60","method":"PATCH","path":"/api/v1/people-ops/reviews/a961609b-359f-401d-8af2-c0fdd071d646","status":200,"durationMs":252,"orgId":"49b7e7ea-e322-4865-90d5-69ccf2b791c7","userId":"d9d0e474-8d96-472c-9bab-ea9f206cf41b"}
{"level":"info","msg":"request","requestId":"28df4300-eeca-4c8c-a0d2-06487edb3143","method":"PATCH","path":"/api/v1/people-ops/reviews/a961609b-359f-401d-8af2-c0fdd071d646","status":200,"durationMs":244,"orgId":"49b7e7ea-e322-4865-90d5-69ccf2b791c7","userId":"d9d0e474-8d96-472c-9bab-ea9f206cf41b"}
{"level":"info","msg":"request","requestId":"c6151b89-6782-4e08-971f-522828e261ce","method":"PATCH","path":"/api/v1/people-ops/reviews/a961609b-359f-401d-8af2-c0fdd071d646","status":200,"durationMs":286,"orgId":"49b7e7ea-e322-4865-90d5-69ccf2b791c7","userId":"d9d0e474-8d96-472c-9bab-ea9f206cf41b"}
{"level":"info","msg":"request","requestId":"113b4764-0ca1-4b64-a67a-28f3a47e85d4","method":"GET","path":"/api/v1/people-ops/learning","status":200,"durationMs":259,"orgId":"49b7e7ea-e322-4865-90d5-69ccf2b791c7","userId":"d9d0e474-8d96-472c-9bab-ea9f206cf41b"}
{"level":"info","msg":"request","requestId":"e50121dc-7193-4fb1-bd03-434f1584f359","method":"GET","path":"/api/v1/me","status":200,"durationMs":113,"orgId":"49b7e7ea-e322-4865-90d5-69ccf2b791c7","userId":"d9d0e474-8d96-472c-9bab-ea9f206cf41b"}
{"level":"info","msg":"request","requestId":"ab0d28e0-635b-4846-a99a-261c451032e0","method":"POST","path":"/api/v1/people-ops/recognitions","status":201,"durationMs":262,"orgId":"49b7e7ea-e322-4865-90d5-69ccf2b791c7","userId":"d9d0e474-8d96-472c-9bab-ea9f206cf41b"}
{"level":"info","msg":"request","requestId":"e40d3c94-be81-4000-bb98-7825ba89ed40","method":"POST","path":"/api/v1/people-ops/hr-changes","status":201,"durationMs":198,"orgId":"49b7e7ea-e322-4865-90d5-69ccf2b791c7","userId":"d9d0e474-8d96-472c-9bab-ea9f206cf41b"}
{"level":"info","msg":"request","requestId":"c809f7b8-8d58-4993-9448-8e9ec18acd90","method":"GET","path":"/api/v1/people-ops/hr-changes","status":200,"durationMs":262,"orgId":"49b7e7ea-e322-4865-90d5-69ccf2b791c7","userId":"d9d0e474-8d96-472c-9bab-ea9f206cf41b"}
{"level":"info","msg":"request","requestId":"7e707755-6d1b-4646-8b2b-6d5f301c8caa","method":"PATCH","path":"/api/v1/people-ops/hr-changes","status":200,"durationMs":390,"orgId":"49b7e7ea-e322-4865-90d5-69ccf2b791c7","userId":"d9d0e474-8d96-472c-9bab-ea9f206cf41b"}
{"level":"info","msg":"request","requestId":"a374e6c9-a3db-415f-b2ff-bb09486b135d","method":"POST","path":"/api/v1/delegations","status":201,"durationMs":325,"orgId":"49b7e7ea-e322-4865-90d5-69ccf2b791c7","userId":"d9d0e474-8d96-472c-9bab-ea9f206cf41b"}
{"level":"info","msg":"request","requestId":"9b30167f-c92c-49f3-8152-9dc2827d6e8d","method":"GET","path":"/api/v1/delegations","status":200,"durationMs":218,"orgId":"49b7e7ea-e322-4865-90d5-69ccf2b791c7","userId":"d9d0e474-8d96-472c-9bab-ea9f206cf41b"}
{"level":"info","msg":"request","requestId":"61e12363-62a8-4098-b9a1-3387c4ef7a12","method":"DELETE","path":"/api/v1/delegations","status":400,"durationMs":131,"category":"bad_request","orgId":"49b7e7ea-e322-4865-90d5-69ccf2b791c7","userId":"d9d0e474-8d96-472c-9bab-ea9f206cf41b"}
{"level":"info","msg":"request","requestId":"4d73bc76-178e-455b-aae5-60fb071443bc","method":"GET","path":"/api/v1/analytics","status":200,"durationMs":488,"orgId":"49b7e7ea-e322-4865-90d5-69ccf2b791c7","userId":"d9d0e474-8d96-472c-9bab-ea9f206cf41b"}
{"level":"info","msg":"request","requestId":"677cdef3-a651-48e7-9e49-315fc870bc90","method":"GET","path":"/api/v1/dashboards","status":200,"durationMs":435,"orgId":"49b7e7ea-e322-4865-90d5-69ccf2b791c7","userId":"d9d0e474-8d96-472c-9bab-ea9f206cf41b"}
{"level":"info","msg":"request","requestId":"bd10cc7f-58f4-4128-a933-d9b2059d6d69","method":"GET","path":"/api/v1/search","status":200,"durationMs":620,"orgId":"49b7e7ea-e322-4865-90d5-69ccf2b791c7","userId":"d9d0e474-8d96-472c-9bab-ea9f206cf41b"}
{"level":"info","msg":"request","requestId":"07812d52-8e71-4092-8f56-531eff0aa7d6","method":"POST","path":"/api/v1/notifications/read-all","status":200,"durationMs":213,"orgId":"49b7e7ea-e322-4865-90d5-69ccf2b791c7","userId":"d9d0e474-8d96-472c-9bab-ea9f206cf41b"}
{"level":"info","msg":"request","requestId":"d20ecb59-9e92-4cfb-8030-e3c1524d9ee9","method":"POST","path":"/api/v1/requests/escalate-sweep","status":200,"durationMs":250,"orgId":"49b7e7ea-e322-4865-90d5-69ccf2b791c7","userId":"d9d0e474-8d96-472c-9bab-ea9f206cf41b"}
{"level":"info","msg":"request","requestId":"944a5b72-3b68-4527-8e1a-72932d105c5c","method":"GET","path":"/api/v1/notifications","status":200,"durationMs":186,"orgId":"49b7e7ea-e322-4865-90d5-69ccf2b791c7","userId":"d9d0e474-8d96-472c-9bab-ea9f206cf41b"}
{"level":"info","msg":"request","requestId":"9bb20c34-2027-41fd-a2ff-a207a46f3a7a","method":"POST","path":"/api/v1/workplace/resources","status":201,"durationMs":242,"orgId":"49b7e7ea-e322-4865-90d5-69ccf2b791c7","userId":"d9d0e474-8d96-472c-9bab-ea9f206cf41b"}
{"level":"info","msg":"request","requestId":"5067b957-3c30-472e-ae61-3a79ce987290","method":"POST","path":"/api/v1/workplace/bookings","status":201,"durationMs":401,"orgId":"49b7e7ea-e322-4865-90d5-69ccf2b791c7","userId":"d9d0e474-8d96-472c-9bab-ea9f206cf41b"}
{"level":"info","msg":"request","requestId":"6cab575c-bdb4-4cd7-8878-bf548e7ef2a7","method":"POST","path":"/api/v1/workplace/bookings","status":409,"durationMs":258,"category":"conflict","orgId":"49b7e7ea-e322-4865-90d5-69ccf2b791c7","userId":"d9d0e474-8d96-472c-9bab-ea9f206cf41b"}
{"level":"info","msg":"request","requestId":"fb0de323-c11d-4ac2-a926-92a62232e3de","method":"GET","path":"/api/v1/workplace/bookings","status":200,"durationMs":210,"orgId":"49b7e7ea-e322-4865-90d5-69ccf2b791c7","userId":"d9d0e474-8d96-472c-9bab-ea9f206cf41b"}
{"level":"info","msg":"request","requestId":"537ae970-9043-48db-9242-86682549d494","method":"POST","path":"/api/v1/workplace/bookings","status":200,"durationMs":196,"orgId":"49b7e7ea-e322-4865-90d5-69ccf2b791c7","userId":"d9d0e474-8d96-472c-9bab-ea9f206cf41b"}
{"level":"info","msg":"request","requestId":"f7612b0b-bd3b-49ba-9a1f-0d37a783234d","method":"POST","path":"/api/v1/governance","status":201,"durationMs":272,"orgId":"49b7e7ea-e322-4865-90d5-69ccf2b791c7","userId":"d9d0e474-8d96-472c-9bab-ea9f206cf41b"}
{"level":"info","msg":"request","requestId":"8e1f6b0e-f117-4e0f-8db2-5237dd065c48","method":"PATCH","path":"/api/v1/governance","status":200,"durationMs":268,"orgId":"49b7e7ea-e322-4865-90d5-69ccf2b791c7","userId":"d9d0e474-8d96-472c-9bab-ea9f206cf41b"}
{"level":"info","msg":"request","requestId":"ca6b9922-f3ee-47e4-a945-58e4b15ff630","method":"POST","path":"/api/v1/governance","status":201,"durationMs":289,"orgId":"49b7e7ea-e322-4865-90d5-69ccf2b791c7","userId":"d9d0e474-8d96-472c-9bab-ea9f206cf41b"}
{"level":"info","msg":"request","requestId":"2ff8efaf-c422-4bcf-ac85-5a10aee60598","method":"PATCH","path":"/api/v1/governance","status":200,"durationMs":190,"orgId":"49b7e7ea-e322-4865-90d5-69ccf2b791c7","userId":"d9d0e474-8d96-472c-9bab-ea9f206cf41b"}
{"level":"info","msg":"request","requestId":"e133ccdd-e48e-4e6e-b6b8-e27c5c75a928","method":"GET","path":"/api/v1/governance","status":200,"durationMs":715,"orgId":"49b7e7ea-e322-4865-90d5-69ccf2b791c7","userId":"d9d0e474-8d96-472c-9bab-ea9f206cf41b"}
{"level":"info","msg":"request","requestId":"7f5dcdc1-0876-42d0-8b30-986b0d3881e1","method":"POST","path":"/api/v1/workplace/visitors","status":201,"durationMs":197,"orgId":"49b7e7ea-e322-4865-90d5-69ccf2b791c7","userId":"d9d0e474-8d96-472c-9bab-ea9f206cf41b"}
{"level":"info","msg":"request","requestId":"4d9b196e-7227-498f-b399-d76486726688","method":"GET","path":"/api/v1/workplace/visitors","status":200,"durationMs":184,"orgId":"49b7e7ea-e322-4865-90d5-69ccf2b791c7","userId":"d9d0e474-8d96-472c-9bab-ea9f206cf41b"}
{"level":"info","msg":"request","requestId":"9170199d-7edc-4746-a12e-932a3bb28aa2","method":"POST","path":"/api/v1/workplace/visitors","status":200,"durationMs":257,"orgId":"49b7e7ea-e322-4865-90d5-69ccf2b791c7","userId":"d9d0e474-8d96-472c-9bab-ea9f206cf41b"}
{"level":"info","msg":"request","requestId":"653196ef-dd88-462f-9d8a-a638e5b1f47a","method":"POST","path":"/api/v1/workplace/visitors","status":200,"durationMs":258,"orgId":"49b7e7ea-e322-4865-90d5-69ccf2b791c7","userId":"d9d0e474-8d96-472c-9bab-ea9f206cf41b"}
{"level":"info","msg":"request","requestId":"58d05e0d-5a44-415c-a6da-2ed1e1b2609a","method":"POST","path":"/api/v1/governance","status":201,"durationMs":204,"orgId":"49b7e7ea-e322-4865-90d5-69ccf2b791c7","userId":"d9d0e474-8d96-472c-9bab-ea9f206cf41b"}
{"level":"info","msg":"request","requestId":"32a8cc17-4b95-4f77-a03d-48fa53866d87","method":"PUT","path":"/api/v1/me/preferences","status":201,"durationMs":230,"orgId":"49b7e7ea-e322-4865-90d5-69ccf2b791c7","userId":"d9d0e474-8d96-472c-9bab-ea9f206cf41b"}
{"level":"info","msg":"request","requestId":"e488d28a-1db3-47e5-a0da-f7afb341e411","method":"PUT","path":"/api/v1/me/preferences","status":201,"durationMs":243,"orgId":"49b7e7ea-e322-4865-90d5-69ccf2b791c7","userId":"d9d0e474-8d96-472c-9bab-ea9f206cf41b"}
{"level":"info","msg":"request","requestId":"0bcb6509-e557-4767-8977-20f006f959cf","method":"GET","path":"/api/v1/me/preferences","status":200,"durationMs":181,"orgId":"49b7e7ea-e322-4865-90d5-69ccf2b791c7","userId":"d9d0e474-8d96-472c-9bab-ea9f206cf41b"}
{"level":"info","msg":"request","requestId":"80ad8f98-469a-4796-be05-38c217db2184","method":"POST","path":"/api/v1/leave","status":201,"durationMs":682,"orgId":"49b7e7ea-e322-4865-90d5-69ccf2b791c7","userId":"f030f011-ead2-4110-8562-c890a00242a1"}
{"level":"info","msg":"request","requestId":"b8239bfb-de9c-46c8-9f2d-a2c966574aa4","method":"GET","path":"/api/v1/notifications","status":200,"durationMs":181,"orgId":"49b7e7ea-e322-4865-90d5-69ccf2b791c7","userId":"d9d0e474-8d96-472c-9bab-ea9f206cf41b"}
{"level":"info","msg":"request","requestId":"b7719d26-5cae-489d-9495-b69d85e317de","method":"POST","path":"/api/v1/auth/register","status":201,"durationMs":1455}
{"level":"info","msg":"request","requestId":"358d97dc-f36f-4b96-9aac-8bc429eed5e3","method":"POST","path":"/api/v1/admin/users","status":201,"durationMs":460,"orgId":"131322b5-2760-481b-ae34-277045507c86","userId":"8ed22452-d3a1-42e9-95e8-1ebce934d0ab"}
{"level":"info","msg":"request","requestId":"a78c51c8-1a25-4309-b762-ffa480c6f64c","method":"GET","path":"/api/v1/me/orgs","status":200,"durationMs":176,"orgId":"49b7e7ea-e322-4865-90d5-69ccf2b791c7","userId":"d9d0e474-8d96-472c-9bab-ea9f206cf41b"}
{"level":"info","msg":"request","requestId":"a39c7c5e-2bbd-4f92-be6e-e7452dae1a00","method":"POST","path":"/api/v1/me/orgs","status":200,"durationMs":227,"orgId":"49b7e7ea-e322-4865-90d5-69ccf2b791c7","userId":"d9d0e474-8d96-472c-9bab-ea9f206cf41b"}
{"level":"info","msg":"request","requestId":"ffc2f562-5263-4934-b608-0c92339ba2bd","method":"POST","path":"/api/v1/departments","status":201,"durationMs":239,"orgId":"131322b5-2760-481b-ae34-277045507c86","userId":"d9d0e474-8d96-472c-9bab-ea9f206cf41b"}
{"level":"info","msg":"request","requestId":"64f42c26-186d-4ed4-9d0e-7508bff6a32b","method":"GET","path":"/api/v1/me/preferences","status":200,"durationMs":177,"orgId":"131322b5-2760-481b-ae34-277045507c86","userId":"d9d0e474-8d96-472c-9bab-ea9f206cf41b"}
{"level":"info","msg":"request","requestId":"a3680db2-1326-4ddb-a2dc-1d8e47cd9351","method":"GET","path":"/api/v1/me/orgs","status":200,"durationMs":175,"orgId":"131322b5-2760-481b-ae34-277045507c86","userId":"d9d0e474-8d96-472c-9bab-ea9f206cf41b"}
{"level":"info","msg":"request","requestId":"8737c338-a782-4984-8f04-4c88f950614a","method":"POST","path":"/api/v1/me/orgs","status":200,"durationMs":238,"orgId":"131322b5-2760-481b-ae34-277045507c86","userId":"d9d0e474-8d96-472c-9bab-ea9f206cf41b"}
{"level":"info","msg":"request","requestId":"8e5ef0a2-374f-47a0-9a5a-c1487e757149","method":"GET","path":"/api/v1/me/preferences","status":200,"durationMs":185,"orgId":"49b7e7ea-e322-4865-90d5-69ccf2b791c7","userId":"d9d0e474-8d96-472c-9bab-ea9f206cf41b"}
{"level":"info","msg":"request","requestId":"4fd59b35-8ab6-44bd-b59a-9770b2543626","method":"GET","path":"/api/v1/admin/users","status":200,"durationMs":178,"orgId":"49b7e7ea-e322-4865-90d5-69ccf2b791c7","userId":"d9d0e474-8d96-472c-9bab-ea9f206cf41b"}
{"level":"info","msg":"request","requestId":"a5939fbb-4a45-45c0-978a-8fd4203b4355","method":"GET","path":"/api/v1/admin/roles","status":200,"durationMs":180,"orgId":"49b7e7ea-e322-4865-90d5-69ccf2b791c7","userId":"d9d0e474-8d96-472c-9bab-ea9f206cf41b"}
{"level":"info","msg":"request","requestId":"d37ad419-478d-4c7a-a0dc-4e07f9ea5446","method":"GET","path":"/api/v1/admin/audit","status":200,"durationMs":206,"orgId":"49b7e7ea-e322-4865-90d5-69ccf2b791c7","userId":"d9d0e474-8d96-472c-9bab-ea9f206cf41b"}
{"level":"info","msg":"request","requestId":"147fda7e-7edf-4b2b-8cb2-50c730e7d584","method":"GET","path":"/api/v1/admin/users","status":200,"durationMs":180,"orgId":"49b7e7ea-e322-4865-90d5-69ccf2b791c7","userId":"d9d0e474-8d96-472c-9bab-ea9f206cf41b"}
{"level":"info","msg":"request","requestId":"ea1438ce-370c-4845-aeee-f0087338c038","method":"GET","path":"/api/v1/admin/users/f030f011-ead2-4110-8562-c890a00242a1","status":200,"durationMs":736,"orgId":"49b7e7ea-e322-4865-90d5-69ccf2b791c7","userId":"d9d0e474-8d96-472c-9bab-ea9f206cf41b"}
{"level":"info","msg":"request","requestId":"4e79516e-55d6-4b00-844e-58dff394d8af","method":"GET","path":"/api/v1/admin/users","status":200,"durationMs":197,"orgId":"49b7e7ea-e322-4865-90d5-69ccf2b791c7","userId":"d9d0e474-8d96-472c-9bab-ea9f206cf41b"}
{"level":"info","msg":"request","requestId":"17b480d4-d551-49e6-92de-2b1dabf8796d","method":"PATCH","path":"/api/v1/admin/users/f030f011-ead2-4110-8562-c890a00242a1","status":200,"durationMs":406,"orgId":"49b7e7ea-e322-4865-90d5-69ccf2b791c7","userId":"d9d0e474-8d96-472c-9bab-ea9f206cf41b"}
{"level":"info","msg":"request","requestId":"ff2cf71d-7ad6-4d83-869a-6fd098dcb92e","method":"GET","path":"/api/v1/me","status":401,"durationMs":69,"category":"unauthorized"}
{"level":"info","msg":"request","requestId":"7f5707c0-ac7c-45c2-948a-7f9e87e87b9c","method":"PATCH","path":"/api/v1/admin/users/f030f011-ead2-4110-8562-c890a00242a1","status":200,"durationMs":312,"orgId":"49b7e7ea-e322-4865-90d5-69ccf2b791c7","userId":"d9d0e474-8d96-472c-9bab-ea9f206cf41b"}
{"level":"info","msg":"request","requestId":"cc650c56-50a4-480f-bd18-29546ce0fbbb","method":"POST","path":"/api/v1/auth/login","status":200,"durationMs":297}
{"level":"info","msg":"request","requestId":"eeff4744-f002-4466-a80d-69abebe189cf","method":"GET","path":"/api/v1/admin/export/employees","status":200,"durationMs":259,"orgId":"49b7e7ea-e322-4865-90d5-69ccf2b791c7","userId":"d9d0e474-8d96-472c-9bab-ea9f206cf41b"}
{"level":"info","msg":"request","requestId":"b5448918-9868-4c4f-8c57-51580930a7ed","method":"POST","path":"/api/v1/documents","status":400,"durationMs":412,"category":"bad_request","orgId":"49b7e7ea-e322-4865-90d5-69ccf2b791c7","userId":"d9d0e474-8d96-472c-9bab-ea9f206cf41b"}
{"level":"info","msg":"request","requestId":"a94556c2-ffdb-4458-b810-c215b5b681c0","method":"POST","path":"/api/v1/documents","status":400,"durationMs":132,"category":"bad_request","orgId":"49b7e7ea-e322-4865-90d5-69ccf2b791c7","userId":"d9d0e474-8d96-472c-9bab-ea9f206cf41b"}
{"level":"info","msg":"request","requestId":"24cbf1ac-60fb-494d-8227-0ae034e92e41","method":"GET","path":"/api/v1/admin/export/employees","status":403,"durationMs":219,"category":"forbidden","orgId":"49b7e7ea-e322-4865-90d5-69ccf2b791c7","userId":"f030f011-ead2-4110-8562-c890a00242a1"}
{"level":"info","msg":"request","requestId":"26f38418-ba05-4dc1-800a-4aabdd18abf9","method":"POST","path":"/api/v1/org/branding","status":201,"durationMs":202,"orgId":"49b7e7ea-e322-4865-90d5-69ccf2b791c7","userId":"d9d0e474-8d96-472c-9bab-ea9f206cf41b"}
{"level":"info","msg":"request","requestId":"f14fb4ab-4ad7-4195-b7d8-90b816dbf437","method":"GET","path":"/api/v1/org/branding/logo","status":200,"durationMs":128,"orgId":"49b7e7ea-e322-4865-90d5-69ccf2b791c7","userId":"d9d0e474-8d96-472c-9bab-ea9f206cf41b"}
{"level":"info","msg":"request","requestId":"429ea5fe-e3ee-4275-bf67-7a69279ef64c","method":"DELETE","path":"/api/v1/org/branding","status":200,"durationMs":208,"orgId":"49b7e7ea-e322-4865-90d5-69ccf2b791c7","userId":"d9d0e474-8d96-472c-9bab-ea9f206cf41b"}
{"level":"info","msg":"request","requestId":"48687eed-dca3-45c6-9ec2-85bfa91599b0","method":"POST","path":"/api/v1/ai/chat","status":200,"durationMs":21201,"orgId":"49b7e7ea-e322-4865-90d5-69ccf2b791c7","userId":"d9d0e474-8d96-472c-9bab-ea9f206cf41b"}
